I'm sorry, but errors were detected in your script. Please correct the
errors listed below, and try again.


File "game/script.rpy", line 40: end of line expected.
    scene bg americana at truecenter zoom 2
                                     ^

Ren'Py Version: Ren'Py 7.3.2.320
Wed Jul 31 02:15:32 2019
